Flow report for 3-A
Mon May 25 02:02:22 2026
Quartus Prime Version 20.1.0 Build 711 06/05/2020 SJ Lite Edition


---------------------
; Table of Contents ;
---------------------
  1. Legal Notice
  2. Flow Summary
  3. Flow Settings
  4. Flow Non-Default Global Settings
  5. Flow Elapsed Time
  6. Flow OS Summary
  7. Flow Log
  8. Flow Messages
  9. Flow Suppressed Messages



----------------
; Legal Notice ;
----------------
Copyright (C) 2020  Intel Corporation. All rights reserved.
Your use of Intel Corporation's design tools, logic functions 
and other software and tools, and any partner logic 
functions, and any output files from any of the foregoing 
(including device programming or simulation files), and any 
associated documentation or information are expressly subject 
to the terms and conditions of the Intel Program License 
Subscription Agreement, the Intel Quartus Prime License Agreement,
the Intel FPGA IP License Agreement, or other applicable license
agreement, including, without limitation, that your use is for
the sole purpose of programming logic devices manufactured by
Intel and sold by Intel or its authorized distributors.  Please
refer to the applicable agreement for further details, at
https://fpgasoftware.intel.com/eula.



+----------------------------------------------------------------------------------+
; Flow Summary                                                                     ;
+------------------------------------+---------------------------------------------+
; Flow Status                        ; Successful - Mon May 25 02:02:22 2026       ;
; Quartus Prime Version              ; 20.1.0 Build 711 06/05/2020 SJ Lite Edition ;
; Revision Name                      ; 3-A                                         ;
; Top-level Entity Name              ; frequencyDivider                            ;
; Family                             ; Cyclone IV E                                ;
; Device                             ; EP4CE115F29I8L                              ;
; Timing Models                      ; Final                                       ;
; Total logic elements               ; 31 / 114,480 ( < 1 % )                      ;
;     Total combinational functions  ; 31 / 114,480 ( < 1 % )                      ;
;     Dedicated logic registers      ; 8 / 114,480 ( < 1 % )                       ;
; Total registers                    ; 8                                           ;
; Total pins                         ; 19 / 529 ( 4 % )                            ;
; Total virtual pins                 ; 0                                           ;
; Total memory bits                  ; 0 / 3,981,312 ( 0 % )                       ;
; Embedded Multiplier 9-bit elements ; 0 / 532 ( 0 % )                             ;
; Total PLLs                         ; 0 / 4 ( 0 % )                               ;
+------------------------------------+---------------------------------------------+


+-----------------------------------------+
; Flow Settings                           ;
+-------------------+---------------------+
; Option            ; Setting             ;
+-------------------+---------------------+
; Start date & time ; 05/25/2026 02:01:45 ;
; Main task         ; Compilation         ;
; Revision Name     ; 3-A                 ;
+-------------------+---------------------+


+-----------------------------------------------------------------------------------------------------------------------------------------------------+
; Flow Non-Default Global Settings                                                                                                                    ;
+-------------------------------------+----------------------------------------+---------------+------------------+-----------------------------------+
; Assignment Name                     ; Value                                  ; Default Value ; Entity Name      ; Section Id                        ;
+-------------------------------------+----------------------------------------+---------------+------------------+-----------------------------------+
; COMPILER_SIGNATURE_ID               ; 1096363616088.177966190524520          ; --            ; --               ; --                                ;
; EDA_GENERATE_FUNCTIONAL_NETLIST     ; Off                                    ; --            ; --               ; eda_board_design_timing           ;
; EDA_GENERATE_FUNCTIONAL_NETLIST     ; Off                                    ; --            ; --               ; eda_board_design_boundary_scan    ;
; EDA_GENERATE_FUNCTIONAL_NETLIST     ; Off                                    ; --            ; --               ; eda_board_design_signal_integrity ;
; EDA_GENERATE_FUNCTIONAL_NETLIST     ; Off                                    ; --            ; --               ; eda_board_design_symbol           ;
; EDA_OUTPUT_DATA_FORMAT              ; Verilog Hdl                            ; --            ; --               ; eda_simulation                    ;
; EDA_SIMULATION_TOOL                 ; ModelSim-Altera (Verilog)              ; <None>        ; --               ; --                                ;
; EDA_TIME_SCALE                      ; 1 ps                                   ; --            ; --               ; eda_simulation                    ;
; MAX_CORE_JUNCTION_TEMP              ; 100                                    ; --            ; --               ; --                                ;
; MIN_CORE_JUNCTION_TEMP              ; -40                                    ; --            ; --               ; --                                ;
; NOMINAL_CORE_SUPPLY_VOLTAGE         ; 1.0V                                   ; --            ; --               ; --                                ;
; PARTITION_COLOR                     ; -- (Not supported for targeted family) ; --            ; frequencyDivider ; Top                               ;
; PARTITION_FITTER_PRESERVATION_LEVEL ; -- (Not supported for targeted family) ; --            ; frequencyDivider ; Top                               ;
; PARTITION_NETLIST_TYPE              ; -- (Not supported for targeted family) ; --            ; frequencyDivider ; Top                               ;
; PROJECT_OUTPUT_DIRECTORY            ; output_files                           ; --            ; --               ; --                                ;
; TOP_LEVEL_ENTITY                    ; frequencyDivider                       ; 3-A           ; --               ; --                                ;
+-------------------------------------+----------------------------------------+---------------+------------------+-----------------------------------+


+--------------------------------------------------------------------------------------------------------------------------+
; Flow Elapsed Time                                                                                                        ;
+----------------------+--------------+-------------------------+---------------------+------------------------------------+
; Module Name          ; Elapsed Time ; Average Processors Used ; Peak Virtual Memory ; Total CPU Time (on all processors) ;
+----------------------+--------------+-------------------------+---------------------+------------------------------------+
; Analysis & Synthesis ; 00:00:08     ; 1.0                     ; 4841 MB             ; 00:00:18                           ;
; Fitter               ; 00:00:17     ; 1.0                     ; 6305 MB             ; 00:00:24                           ;
; Assembler            ; 00:00:04     ; 1.0                     ; 4704 MB             ; 00:00:03                           ;
; Timing Analyzer      ; 00:00:02     ; 1.2                     ; 4950 MB             ; 00:00:02                           ;
; EDA Netlist Writer   ; 00:00:00     ; 1.0                     ; 4661 MB             ; 00:00:01                           ;
; Total                ; 00:00:31     ; --                      ; --                  ; 00:00:48                           ;
+----------------------+--------------+-------------------------+---------------------+------------------------------------+


+------------------------------------------------------------------------------------+
; Flow OS Summary                                                                    ;
+----------------------+------------------+------------+------------+----------------+
; Module Name          ; Machine Hostname ; OS Name    ; OS Version ; Processor type ;
+----------------------+------------------+------------+------------+----------------+
; Analysis & Synthesis ; AliDehghani      ; Windows 10 ; 10.0       ; x86_64         ;
; Fitter               ; AliDehghani      ; Windows 10 ; 10.0       ; x86_64         ;
; Assembler            ; AliDehghani      ; Windows 10 ; 10.0       ; x86_64         ;
; Timing Analyzer      ; AliDehghani      ; Windows 10 ; 10.0       ; x86_64         ;
; EDA Netlist Writer   ; AliDehghani      ; Windows 10 ; 10.0       ; x86_64         ;
+----------------------+------------------+------------+------------+----------------+


------------
; Flow Log ;
------------
quartus_map --read_settings_files=on --write_settings_files=off 3-A -c 3-A
quartus_fit --read_settings_files=off --write_settings_files=off 3-A -c 3-A
quartus_asm --read_settings_files=off --write_settings_files=off 3-A -c 3-A
quartus_sta 3-A -c 3-A
quartus_eda --read_settings_files=off --write_settings_files=off 3-A -c 3-A



